   Compiling rapier-cloth v0.1.0 (/home/nekanat/projects/rapier-cloth)
    Finished `test` profile [optimized + debuginfo] target(s) in 0.58s
     Running unittests src/lib.rs (target/debug/deps/rapier_cloth-dc04c287061cfd30)

running 0 tests

test result: ok. 0 passed; 0 failed; 0 ignored; 0 measured; 0 filtered out; finished in 0.00s

     Running tests/attachments.rs (target/debug/deps/attachments-dabe4d49498ca41c)

running 4 tests
test deleted_bodies_do_not_retarget_reused_handles_and_cloth_removal_emits_events ... ok
test soft_attachment_is_compliant_and_foreign_handles_are_rejected ... ok
test exclusions_apply_only_to_attached_particles_and_their_own_collider ... ok
test local_anchors_translate_rotate_and_keep_release_velocity ... ok

test result: ok. 4 passed; 0 failed; 0 ignored; 0 measured; 0 filtered out; finished in 0.00s

     Running tests/checkpoint.rs (target/debug/deps/checkpoint-85f3cca1ccb2cb26)

running 1 test
test restore_both_worlds_after_failure_and_replay_same_build ... ok

test result: ok. 1 passed; 0 failed; 0 ignored; 0 measured; 0 filtered out; finished in 0.00s

     Running tests/friction.rs (target/debug/deps/friction-a19301f682a10ce8)

running 3 tests
test friction_never_reverses_slip_or_uses_overlap_stabilization_as_support ... ok
test moving_and_rotating_surface_transfers_relative_tangential_velocity ... ok
test horizontal_slowdown_matches_coulomb_law_and_zero_friction_preserves_slip ... ok

test result: ok. 3 passed; 0 failed; 0 ignored; 0 measured; 0 filtered out; finished in 0.00s

     Running tests/kinematic_motion.rs (target/debug/deps/kinematic_motion-f4d3ea0e64941978)

running 4 tests
test velocity_based_complete_revolution_cannot_alias_zero_motion ... ok
test excluded_fast_kinematic_object_does_not_consume_motion_budget ... ok
test fast_crossings_and_rotation_are_rejected_even_outside_final_cloth_aabb ... ok
test finite_primitives_push_cloth_within_motion_budget ... ok

test result: ok. 4 passed; 0 failed; 0 ignored; 0 measured; 0 filtered out; finished in 0.00s

     Running tests/pick_and_place.rs (target/debug/deps/pick_and_place-3507b81105b93eb3)

running 1 test
test canonical_pick_and_place_meets_motion_and_recording_contracts ... ok

test result: ok. 1 passed; 0 failed; 0 ignored; 0 measured; 0 filtered out; finished in 2.40s

     Running tests/query_lifecycle.rs (target/debug/deps/query_lifecycle-7b603ec40f91c2ba)

running 4 tests
test nearby_unsupported_shapes_fail_but_distant_ones_do_not ... ok
test disabled_colliders_and_explicitly_excluded_dynamic_bodies_do_not_collide ... ok
test sensors_exclusions_groups_and_predicate_filter_contacts ... ok
test collider_insertion_move_and_removal_are_visible_after_rapier_step ... ok

test result: ok. 4 passed; 0 failed; 0 ignored; 0 measured; 0 filtered out; finished in 0.00s

     Running tests/rapier_compat.rs (target/debug/deps/rapier_compat-b95cc67a92ce09c0)

running 2 tests
test math_and_parry_types_match ... ok
test updated_query_contact_sweep_and_off_center_impulse ... ok

test result: ok. 2 passed; 0 failed; 0 ignored; 0 measured; 0 filtered out; finished in 0.00s

     Running tests/static_contacts.rs (target/debug/deps/static_contacts-6909dbb3b890d5c5)

running 5 tests
test initial_penetration_is_restored_without_artificial_launch ... ok
test contradictory_pin_is_reported_and_state_is_not_committed ... ok
test sphere_center_overlap_either_recovers_or_reports_a_defined_failure ... ok
test floor_and_wall_are_both_resolved_without_attraction ... ok
test supported_primitives_stop_a_falling_cloth ... ok

test result: ok. 5 passed; 0 failed; 0 ignored; 0 measured; 0 filtered out; finished in 0.10s

     Running tests/static_sweep.rs (target/debug/deps/static_sweep-2087a0ece040c41d)

running 1 test
test particle_sweep_catches_thin_box_crossing ... ok

test result: ok. 1 passed; 0 failed; 0 ignored; 0 measured; 0 filtered out; finished in 0.00s

     Running tests/step_contract.rs (target/debug/deps/step_contract-7539d07593aeaa21)

running 2 tests
test token_duration_world_and_duplicate_steps_are_checked ... ok
test contact_budget_and_later_cloth_failure_are_atomic_for_whole_world ... ok

test result: ok. 2 passed; 0 failed; 0 ignored; 0 measured; 0 filtered out; finished in 0.00s

   Doc-tests rapier_cloth

running 1 test
test src/../README.md - (line 20) ... ok

test result: ok. 1 passed; 0 failed; 0 ignored; 0 measured; 0 filtered out; finished in 0.01s

all doctests ran in 0.29s; merged doctests compilation took 0.27s
