packages	Run bash scripts/check-packages.sh	2026-09-12T23:57:32.4972652Z test result: ok. 1 passed; 0 failed; 0 ignored; 0 measured; 0 filtered out; finished in 0.00s
packages	Run bash scripts/check-packages.sh	2026-09-12T23:57:32.5868231Z Verified: both library sources are extracted package artifacts.
packages	Run bash scripts/check-packages.sh	2026-09-12T23:59:43.9426200Z test result: ok. 1 passed; 0 failed; 0 ignored; 0 measured; 0 filtered out; finished in 0.00s
packages	Run bash scripts/check-packages.sh	2026-09-12T23:59:44.0318549Z Verified: both library sources are extracted package artifacts.
packages	Run bash scripts/check-packages.sh	2026-09-12T23:59:44.0367365Z Package and independent consumer checks passed. Evidence: /tmp/rapier-cloth-package-zVuIwM
msrv (f32)	Run cargo +1.90.0 check --locked -p rapier-cloth --no-default-features --features f32	2026-09-12T23:55:36.3444616Z     Finished `dev` profile [unoptimized + debuginfo] target(s) in 1.30s
features	Run bash scripts/check-features.sh	2026-09-12T23:55:19.6104306Z Invalid precision combinations rejected with the expected diagnostic.
Rust windows-latest f32	Run cargo test --locked -p rapier-cloth-core --no-default-features --features f32	2026-09-12T23:55:56.1543815Z test result: ok. 0 passed; 0 failed; 0 ignored; 0 measured; 0 filtered out; finished in 0.00s
Rust windows-latest f32	Run cargo test --locked -p rapier-cloth-core --no-default-features --features f32	2026-09-12T23:55:56.1678408Z test result: ok. 1 passed; 0 failed; 0 ignored; 0 measured; 0 filtered out; finished in 0.00s
Rust windows-latest f32	Run cargo test --locked -p rapier-cloth-core --no-default-features --features f32	2026-09-12T23:56:37.7574166Z test result: ok. 3 passed; 0 failed; 0 ignored; 0 measured; 0 filtered out; finished in 41.58s
Rust windows-latest f32	Run cargo test --locked -p rapier-cloth-core --no-default-features --features f32	2026-09-12T23:56:37.7870183Z test result: ok. 2 passed; 0 failed; 0 ignored; 0 measured; 0 filtered out; finished in 0.02s
Rust windows-latest f32	Run cargo test --locked -p rapier-cloth-core --no-default-features --features f32	2026-09-12T23:56:37.8046985Z test result: ok. 7 passed; 0 failed; 0 ignored; 0 measured; 0 filtered out; finished in 0.01s
Rust windows-latest f32	Run cargo test --locked -p rapier-cloth-core --no-default-features --features f32	2026-09-12T23:56:37.8682577Z test result: ok. 0 passed; 0 failed; 0 ignored; 0 measured; 0 filtered out; finished in 0.00s
Rust windows-latest f32	Run cargo test --locked -p rapier-cloth --no-default-features --features f32	2026-09-13T00:01:07.3119506Z test result: ok. 0 passed; 0 failed; 0 ignored; 0 measured; 0 filtered out; finished in 0.00s
Rust windows-latest f32	Run cargo test --locked -p rapier-cloth --no-default-features --features f32	2026-09-13T00:01:07.3273622Z test result: ok. 4 passed; 0 failed; 0 ignored; 0 measured; 0 filtered out; finished in 0.00s
Rust windows-latest f32	Run cargo test --locked -p rapier-cloth --no-default-features --features f32	2026-09-13T00:01:07.3432329Z test result: ok. 1 passed; 0 failed; 0 ignored; 0 measured; 0 filtered out; finished in 0.00s
Rust windows-latest f32	Run cargo test --locked -p rapier-cloth --no-default-features --features f32	2026-09-13T00:01:07.3606956Z test result: ok. 3 passed; 0 failed; 0 ignored; 0 measured; 0 filtered out; finished in 0.00s
Rust windows-latest f32	Run cargo test --locked -p rapier-cloth --no-default-features --features f32	2026-09-13T00:01:07.3770048Z test result: ok. 4 passed; 0 failed; 0 ignored; 0 measured; 0 filtered out; finished in 0.00s
Rust windows-latest f32	Run cargo test --locked -p rapier-cloth --no-default-features --features f32	2026-09-13T00:01:09.9374902Z test result: ok. 1 passed; 0 failed; 0 ignored; 0 measured; 0 filtered out; finished in 2.55s
Rust windows-latest f32	Run cargo test --locked -p rapier-cloth --no-default-features --features f32	2026-09-13T00:01:09.9535418Z test result: ok. 4 passed; 0 failed; 0 ignored; 0 measured; 0 filtered out; finished in 0.00s
Rust windows-latest f32	Run cargo test --locked -p rapier-cloth --no-default-features --features f32	2026-09-13T00:01:09.9675517Z test result: ok. 2 passed; 0 failed; 0 ignored; 0 measured; 0 filtered out; finished in 0.00s
Rust windows-latest f32	Run cargo test --locked -p rapier-cloth --no-default-features --features f32	2026-09-13T00:01:10.0753017Z test result: ok. 5 passed; 0 failed; 0 ignored; 0 measured; 0 filtered out; finished in 0.09s
Rust windows-latest f32	Run cargo test --locked -p rapier-cloth --no-default-features --features f32	2026-09-13T00:01:10.0900957Z test result: ok. 1 passed; 0 failed; 0 ignored; 0 measured; 0 filtered out; finished in 0.00s
Rust windows-latest f32	Run cargo test --locked -p rapier-cloth --no-default-features --features f32	2026-09-13T00:01:10.1048433Z test result: ok. 2 passed; 0 failed; 0 ignored; 0 measured; 0 filtered out; finished in 0.00s
Rust windows-latest f32	Run cargo test --locked -p rapier-cloth --no-default-features --features f32	2026-09-13T00:01:11.2135162Z test result: ok. 1 passed; 0 failed; 0 ignored; 0 measured; 0 filtered out; finished in 0.02s
Rust windows-latest f32	Run cargo test --locked --manifest-path tests/consumers/f32/Cargo.toml	2026-09-13T00:02:56.4359948Z test result: ok. 1 passed; 0 failed; 0 ignored; 0 measured; 0 filtered out; finished in 0.00s
Rust ubuntu-latest f64	Run cargo test --locked -p rapier-cloth-core --no-default-features --features f64	2026-09-12T23:55:28.8283010Z test result: ok. 0 passed; 0 failed; 0 ignored; 0 measured; 0 filtered out; finished in 0.00s
Rust ubuntu-latest f64	Run cargo test --locked -p rapier-cloth-core --no-default-features --features f64	2026-09-12T23:55:28.8299759Z test result: ok. 1 passed; 0 failed; 0 ignored; 0 measured; 0 filtered out; finished in 0.00s
Rust ubuntu-latest f64	Run cargo test --locked -p rapier-cloth-core --no-default-features --features f64	2026-09-12T23:56:19.3338595Z test result: ok. 3 passed; 0 failed; 0 ignored; 0 measured; 0 filtered out; finished in 50.50s
Rust ubuntu-latest f64	Run cargo test --locked -p rapier-cloth-core --no-default-features --features f64	2026-09-12T23:56:19.3525802Z test result: ok. 2 passed; 0 failed; 0 ignored; 0 measured; 0 filtered out; finished in 0.02s
Rust ubuntu-latest f64	Run cargo test --locked -p rapier-cloth-core --no-default-features --features f64	2026-09-12T23:56:19.3599818Z test result: ok. 7 passed; 0 failed; 0 ignored; 0 measured; 0 filtered out; finished in 0.01s
Rust ubuntu-latest f64	Run cargo test --locked -p rapier-cloth-core --no-default-features --features f64	2026-09-12T23:56:19.3865110Z test result: ok. 0 passed; 0 failed; 0 ignored; 0 measured; 0 filtered out; finished in 0.00s
Rust ubuntu-latest f64	Run cargo test --locked -p rapier-cloth --no-default-features --features f64	2026-09-12T23:56:40.5601682Z test result: ok. 0 passed; 0 failed; 0 ignored; 0 measured; 0 filtered out; finished in 0.00s
Rust ubuntu-latest f64	Run cargo test --locked -p rapier-cloth --no-default-features --features f64	2026-09-12T23:56:40.5628340Z test result: ok. 4 passed; 0 failed; 0 ignored; 0 measured; 0 filtered out; finished in 0.00s
Rust ubuntu-latest f64	Run cargo test --locked -p rapier-cloth --no-default-features --features f64	2026-09-12T23:56:40.5663052Z test result: ok. 1 passed; 0 failed; 0 ignored; 0 measured; 0 filtered out; finished in 0.00s
Rust ubuntu-latest f64	Run cargo test --locked -p rapier-cloth --no-default-features --features f64	2026-09-12T23:56:40.5705312Z test result: ok. 3 passed; 0 failed; 0 ignored; 0 measured; 0 filtered out; finished in 0.00s
Rust ubuntu-latest f64	Run cargo test --locked -p rapier-cloth --no-default-features --features f64	2026-09-12T23:56:40.5737560Z test result: ok. 4 passed; 0 failed; 0 ignored; 0 measured; 0 filtered out; finished in 0.00s
Rust ubuntu-latest f64	Run cargo test --locked -p rapier-cloth --no-default-features --features f64	2026-09-12T23:56:43.3434937Z test result: ok. 1 passed; 0 failed; 0 ignored; 0 measured; 0 filtered out; finished in 2.77s
Rust ubuntu-latest f64	Run cargo test --locked -p rapier-cloth --no-default-features --features f64	2026-09-12T23:56:43.3487078Z test result: ok. 4 passed; 0 failed; 0 ignored; 0 measured; 0 filtered out; finished in 0.00s
Rust ubuntu-latest f64	Run cargo test --locked -p rapier-cloth --no-default-features --features f64	2026-09-12T23:56:43.3535629Z test result: ok. 2 passed; 0 failed; 0 ignored; 0 measured; 0 filtered out; finished in 0.00s
Rust ubuntu-latest f64	Run cargo test --locked -p rapier-cloth --no-default-features --features f64	2026-09-12T23:56:43.4724206Z test result: ok. 5 passed; 0 failed; 0 ignored; 0 measured; 0 filtered out; finished in 0.12s
Rust ubuntu-latest f64	Run cargo test --locked -p rapier-cloth --no-default-features --features f64	2026-09-12T23:56:43.4751361Z test result: ok. 1 passed; 0 failed; 0 ignored; 0 measured; 0 filtered out; finished in 0.00s
Rust ubuntu-latest f64	Run cargo test --locked -p rapier-cloth --no-default-features --features f64	2026-09-12T23:56:43.4769176Z test result: ok. 2 passed; 0 failed; 0 ignored; 0 measured; 0 filtered out; finished in 0.00s
Rust ubuntu-latest f64	Run cargo test --locked -p rapier-cloth --no-default-features --features f64	2026-09-12T23:56:43.8301681Z test result: ok. 1 passed; 0 failed; 0 ignored; 0 measured; 0 filtered out; finished in 0.01s
Rust ubuntu-latest f64	Run cargo test --locked --manifest-path tests/consumers/f64/Cargo.toml	2026-09-12T23:57:16.0203427Z test result: ok. 1 passed; 0 failed; 0 ignored; 0 measured; 0 filtered out; finished in 0.00s
Rust ubuntu-latest f32	Run cargo test --locked -p rapier-cloth-core --no-default-features --features f32	2026-09-12T23:55:30.5976908Z test result: ok. 0 passed; 0 failed; 0 ignored; 0 measured; 0 filtered out; finished in 0.00s
Rust ubuntu-latest f32	Run cargo test --locked -p rapier-cloth-core --no-default-features --features f32	2026-09-12T23:55:30.6070212Z test result: ok. 1 passed; 0 failed; 0 ignored; 0 measured; 0 filtered out; finished in 0.00s
Rust ubuntu-latest f32	Run cargo test --locked -p rapier-cloth-core --no-default-features --features f32	2026-09-12T23:56:08.7062223Z test result: ok. 3 passed; 0 failed; 0 ignored; 0 measured; 0 filtered out; finished in 38.11s
Rust ubuntu-latest f32	Run cargo test --locked -p rapier-cloth-core --no-default-features --features f32	2026-09-12T23:56:08.7205315Z test result: ok. 2 passed; 0 failed; 0 ignored; 0 measured; 0 filtered out; finished in 0.01s
Rust ubuntu-latest f32	Run cargo test --locked -p rapier-cloth-core --no-default-features --features f32	2026-09-12T23:56:08.7262516Z test result: ok. 7 passed; 0 failed; 0 ignored; 0 measured; 0 filtered out; finished in 0.00s
Rust ubuntu-latest f32	Run cargo test --locked -p rapier-cloth-core --no-default-features --features f32	2026-09-12T23:56:08.7486379Z test result: ok. 0 passed; 0 failed; 0 ignored; 0 measured; 0 filtered out; finished in 0.00s
Rust ubuntu-latest f32	Run cargo test --locked -p rapier-cloth --no-default-features --features f32	2026-09-12T23:56:25.5894889Z test result: ok. 0 passed; 0 failed; 0 ignored; 0 measured; 0 filtered out; finished in 0.00s
Rust ubuntu-latest f32	Run cargo test --locked -p rapier-cloth --no-default-features --features f32	2026-09-12T23:56:25.5917368Z test result: ok. 4 passed; 0 failed; 0 ignored; 0 measured; 0 filtered out; finished in 0.00s
Rust ubuntu-latest f32	Run cargo test --locked -p rapier-cloth --no-default-features --features f32	2026-09-12T23:56:25.5946318Z test result: ok. 1 passed; 0 failed; 0 ignored; 0 measured; 0 filtered out; finished in 0.00s
Rust ubuntu-latest f32	Run cargo test --locked -p rapier-cloth --no-default-features --features f32	2026-09-12T23:56:25.5985144Z test result: ok. 3 passed; 0 failed; 0 ignored; 0 measured; 0 filtered out; finished in 0.00s
Rust ubuntu-latest f32	Run cargo test --locked -p rapier-cloth --no-default-features --features f32	2026-09-12T23:56:25.6013421Z test result: ok. 4 passed; 0 failed; 0 ignored; 0 measured; 0 filtered out; finished in 0.00s
Rust ubuntu-latest f32	Run cargo test --locked -p rapier-cloth --no-default-features --features f32	2026-09-12T23:56:27.6386327Z test result: ok. 1 passed; 0 failed; 0 ignored; 0 measured; 0 filtered out; finished in 2.04s
Rust ubuntu-latest f32	Run cargo test --locked -p rapier-cloth --no-default-features --features f32	2026-09-12T23:56:27.6412722Z test result: ok. 4 passed; 0 failed; 0 ignored; 0 measured; 0 filtered out; finished in 0.00s
Rust ubuntu-latest f32	Run cargo test --locked -p rapier-cloth --no-default-features --features f32	2026-09-12T23:56:27.6433636Z test result: ok. 2 passed; 0 failed; 0 ignored; 0 measured; 0 filtered out; finished in 0.00s
Rust ubuntu-latest f32	Run cargo test --locked -p rapier-cloth --no-default-features --features f32	2026-09-12T23:56:27.7057010Z test result: ok. 5 passed; 0 failed; 0 ignored; 0 measured; 0 filtered out; finished in 0.06s
Rust ubuntu-latest f32	Run cargo test --locked -p rapier-cloth --no-default-features --features f32	2026-09-12T23:56:27.7075762Z test result: ok. 1 passed; 0 failed; 0 ignored; 0 measured; 0 filtered out; finished in 0.00s
Rust ubuntu-latest f32	Run cargo test --locked -p rapier-cloth --no-default-features --features f32	2026-09-12T23:56:27.7092633Z test result: ok. 2 passed; 0 failed; 0 ignored; 0 measured; 0 filtered out; finished in 0.00s
Rust ubuntu-latest f32	Run cargo test --locked -p rapier-cloth --no-default-features --features f32	2026-09-12T23:56:28.0213722Z test result: ok. 1 passed; 0 failed; 0 ignored; 0 measured; 0 filtered out; finished in 0.01s
Rust ubuntu-latest f32	Run cargo test --locked --manifest-path tests/consumers/f32/Cargo.toml	2026-09-12T23:56:54.8507890Z test result: ok. 1 passed; 0 failed; 0 ignored; 0 measured; 0 filtered out; finished in 0.00s
viewer	Run npm --prefix demos/viewer run test	2026-09-12T23:56:26.0864431Z   2 passed (27.4s)
msrv (f64)	Run cargo +1.90.0 check --locked -p rapier-cloth --no-default-features --features f64	2026-09-12T23:55:38.4668816Z     Finished `dev` profile [unoptimized + debuginfo] target(s) in 2.44s
Rust windows-latest f64	Run cargo test --locked -p rapier-cloth-core --no-default-features --features f64	2026-09-12T23:56:09.5338260Z test result: ok. 0 passed; 0 failed; 0 ignored; 0 measured; 0 filtered out; finished in 0.00s
Rust windows-latest f64	Run cargo test --locked -p rapier-cloth-core --no-default-features --features f64	2026-09-12T23:56:09.5472092Z test result: ok. 1 passed; 0 failed; 0 ignored; 0 measured; 0 filtered out; finished in 0.00s
Rust windows-latest f64	Run cargo test --locked -p rapier-cloth-core --no-default-features --features f64	2026-09-12T23:57:00.7026958Z test result: ok. 3 passed; 0 failed; 0 ignored; 0 measured; 0 filtered out; finished in 51.14s
Rust windows-latest f64	Run cargo test --locked -p rapier-cloth-core --no-default-features --features f64	2026-09-12T23:57:00.7336197Z test result: ok. 2 passed; 0 failed; 0 ignored; 0 measured; 0 filtered out; finished in 0.02s
Rust windows-latest f64	Run cargo test --locked -p rapier-cloth-core --no-default-features --features f64	2026-09-12T23:57:00.7522962Z test result: ok. 7 passed; 0 failed; 0 ignored; 0 measured; 0 filtered out; finished in 0.01s
Rust windows-latest f64	Run cargo test --locked -p rapier-cloth-core --no-default-features --features f64	2026-09-12T23:57:00.8160512Z test result: ok. 0 passed; 0 failed; 0 ignored; 0 measured; 0 filtered out; finished in 0.00s
Rust windows-latest f64	Run cargo test --locked -p rapier-cloth --no-default-features --features f64	2026-09-13T00:01:17.7426942Z test result: ok. 0 passed; 0 failed; 0 ignored; 0 measured; 0 filtered out; finished in 0.00s
Rust windows-latest f64	Run cargo test --locked -p rapier-cloth --no-default-features --features f64	2026-09-13T00:01:17.7567802Z test result: ok. 4 passed; 0 failed; 0 ignored; 0 measured; 0 filtered out; finished in 0.00s
Rust windows-latest f64	Run cargo test --locked -p rapier-cloth --no-default-features --features f64	2026-09-13T00:01:17.7713217Z test result: ok. 1 passed; 0 failed; 0 ignored; 0 measured; 0 filtered out; finished in 0.00s
Rust windows-latest f64	Run cargo test --locked -p rapier-cloth --no-default-features --features f64	2026-09-13T00:01:17.7875023Z test result: ok. 3 passed; 0 failed; 0 ignored; 0 measured; 0 filtered out; finished in 0.00s
Rust windows-latest f64	Run cargo test --locked -p rapier-cloth --no-default-features --features f64	2026-09-13T00:01:17.8027153Z test result: ok. 4 passed; 0 failed; 0 ignored; 0 measured; 0 filtered out; finished in 0.00s
Rust windows-latest f64	Run cargo test --locked -p rapier-cloth --no-default-features --features f64	2026-09-13T00:01:20.6437302Z test result: ok. 1 passed; 0 failed; 0 ignored; 0 measured; 0 filtered out; finished in 2.83s
Rust windows-latest f64	Run cargo test --locked -p rapier-cloth --no-default-features --features f64	2026-09-13T00:01:20.6589513Z test result: ok. 4 passed; 0 failed; 0 ignored; 0 measured; 0 filtered out; finished in 0.00s
Rust windows-latest f64	Run cargo test --locked -p rapier-cloth --no-default-features --features f64	2026-09-13T00:01:20.6717878Z test result: ok. 2 passed; 0 failed; 0 ignored; 0 measured; 0 filtered out; finished in 0.00s
Rust windows-latest f64	Run cargo test --locked -p rapier-cloth --no-default-features --features f64	2026-09-13T00:01:20.8237342Z test result: ok. 5 passed; 0 failed; 0 ignored; 0 measured; 0 filtered out; finished in 0.14s
Rust windows-latest f64	Run cargo test --locked -p rapier-cloth --no-default-features --features f64	2026-09-13T00:01:20.8372012Z test result: ok. 1 passed; 0 failed; 0 ignored; 0 measured; 0 filtered out; finished in 0.00s
Rust windows-latest f64	Run cargo test --locked -p rapier-cloth --no-default-features --features f64	2026-09-13T00:01:20.8505607Z test result: ok. 2 passed; 0 failed; 0 ignored; 0 measured; 0 filtered out; finished in 0.00s
Rust windows-latest f64	Run cargo test --locked -p rapier-cloth --no-default-features --features f64	2026-09-13T00:01:21.8373004Z test result: ok. 1 passed; 0 failed; 0 ignored; 0 measured; 0 filtered out; finished in 0.02s
Rust windows-latest f64	Run cargo test --locked --manifest-path tests/consumers/f64/Cargo.toml	2026-09-13T00:03:06.0482853Z test result: ok. 1 passed; 0 failed; 0 ignored; 0 measured; 0 filtered out; finished in 0.00s
Rust macos-latest f32	Run cargo test --locked -p rapier-cloth-core --no-default-features --features f32	2026-09-12T23:55:32.3174510Z test result: ok. 0 passed; 0 failed; 0 ignored; 0 measured; 0 filtered out; finished in 0.00s
Rust macos-latest f32	Run cargo test --locked -p rapier-cloth-core --no-default-features --features f32	2026-09-12T23:55:32.3214690Z test result: ok. 1 passed; 0 failed; 0 ignored; 0 measured; 0 filtered out; finished in 0.00s
Rust macos-latest f32	Run cargo test --locked -p rapier-cloth-core --no-default-features --features f32	2026-09-12T23:56:08.3455980Z test result: ok. 3 passed; 0 failed; 0 ignored; 0 measured; 0 filtered out; finished in 36.02s
Rust macos-latest f32	Run cargo test --locked -p rapier-cloth-core --no-default-features --features f32	2026-09-12T23:56:08.3588810Z test result: ok. 2 passed; 0 failed; 0 ignored; 0 measured; 0 filtered out; finished in 0.01s
Rust macos-latest f32	Run cargo test --locked -p rapier-cloth-core --no-default-features --features f32	2026-09-12T23:56:08.3652800Z test result: ok. 7 passed; 0 failed; 0 ignored; 0 measured; 0 filtered out; finished in 0.00s
Rust macos-latest f32	Run cargo test --locked -p rapier-cloth-core --no-default-features --features f32	2026-09-12T23:56:08.4635410Z test result: ok. 0 passed; 0 failed; 0 ignored; 0 measured; 0 filtered out; finished in 0.00s
Rust macos-latest f32	Run cargo test --locked -p rapier-cloth --no-default-features --features f32	2026-09-12T23:56:19.4330100Z test result: ok. 0 passed; 0 failed; 0 ignored; 0 measured; 0 filtered out; finished in 0.00s
Rust macos-latest f32	Run cargo test --locked -p rapier-cloth --no-default-features --features f32	2026-09-12T23:56:19.4363820Z test result: ok. 4 passed; 0 failed; 0 ignored; 0 measured; 0 filtered out; finished in 0.00s
Rust macos-latest f32	Run cargo test --locked -p rapier-cloth --no-default-features --features f32	2026-09-12T23:56:19.4403420Z test result: ok. 1 passed; 0 failed; 0 ignored; 0 measured; 0 filtered out; finished in 0.00s
Rust macos-latest f32	Run cargo test --locked -p rapier-cloth --no-default-features --features f32	2026-09-12T23:56:19.4448550Z test result: ok. 3 passed; 0 failed; 0 ignored; 0 measured; 0 filtered out; finished in 0.00s
Rust macos-latest f32	Run cargo test --locked -p rapier-cloth --no-default-features --features f32	2026-09-12T23:56:19.4485510Z test result: ok. 4 passed; 0 failed; 0 ignored; 0 measured; 0 filtered out; finished in 0.00s
Rust macos-latest f32	Run cargo test --locked -p rapier-cloth --no-default-features --features f32	2026-09-12T23:56:21.1902600Z test result: ok. 1 passed; 0 failed; 0 ignored; 0 measured; 0 filtered out; finished in 1.74s
Rust macos-latest f32	Run cargo test --locked -p rapier-cloth --no-default-features --features f32	2026-09-12T23:56:21.1942190Z test result: ok. 4 passed; 0 failed; 0 ignored; 0 measured; 0 filtered out; finished in 0.00s
Rust macos-latest f32	Run cargo test --locked -p rapier-cloth --no-default-features --features f32	2026-09-12T23:56:21.1968610Z test result: ok. 2 passed; 0 failed; 0 ignored; 0 measured; 0 filtered out; finished in 0.00s
Rust macos-latest f32	Run cargo test --locked -p rapier-cloth --no-default-features --features f32	2026-09-12T23:56:21.2512100Z test result: ok. 5 passed; 0 failed; 0 ignored; 0 measured; 0 filtered out; finished in 0.05s
Rust macos-latest f32	Run cargo test --locked -p rapier-cloth --no-default-features --features f32	2026-09-12T23:56:21.2545950Z test result: ok. 1 passed; 0 failed; 0 ignored; 0 measured; 0 filtered out; finished in 0.00s
Rust macos-latest f32	Run cargo test --locked -p rapier-cloth --no-default-features --features f32	2026-09-12T23:56:21.2576420Z test result: ok. 2 passed; 0 failed; 0 ignored; 0 measured; 0 filtered out; finished in 0.00s
Rust macos-latest f32	Run cargo test --locked -p rapier-cloth --no-default-features --features f32	2026-09-12T23:56:21.5743120Z test result: ok. 1 passed; 0 failed; 0 ignored; 0 measured; 0 filtered out; finished in 0.01s
Rust macos-latest f32	Run cargo test --locked --manifest-path tests/consumers/f32/Cargo.toml	2026-09-12T23:56:40.3063670Z test result: ok. 1 passed; 0 failed; 0 ignored; 0 measured; 0 filtered out; finished in 0.00s
Rust macos-latest f64	Run cargo test --locked -p rapier-cloth-core --no-default-features --features f64	2026-09-12T23:55:27.8753400Z test result: ok. 0 passed; 0 failed; 0 ignored; 0 measured; 0 filtered out; finished in 0.00s
Rust macos-latest f64	Run cargo test --locked -p rapier-cloth-core --no-default-features --features f64	2026-09-12T23:55:27.8785180Z test result: ok. 1 passed; 0 failed; 0 ignored; 0 measured; 0 filtered out; finished in 0.00s
Rust macos-latest f64	Run cargo test --locked -p rapier-cloth-core --no-default-features --features f64	2026-09-12T23:56:07.8733170Z test result: ok. 3 passed; 0 failed; 0 ignored; 0 measured; 0 filtered out; finished in 39.99s
Rust macos-latest f64	Run cargo test --locked -p rapier-cloth-core --no-default-features --features f64	2026-09-12T23:56:07.8854180Z test result: ok. 2 passed; 0 failed; 0 ignored; 0 measured; 0 filtered out; finished in 0.01s
Rust macos-latest f64	Run cargo test --locked -p rapier-cloth-core --no-default-features --features f64	2026-09-12T23:56:07.8913620Z test result: ok. 7 passed; 0 failed; 0 ignored; 0 measured; 0 filtered out; finished in 0.00s
Rust macos-latest f64	Run cargo test --locked -p rapier-cloth-core --no-default-features --features f64	2026-09-12T23:56:07.9913860Z test result: ok. 0 passed; 0 failed; 0 ignored; 0 measured; 0 filtered out; finished in 0.00s
Rust macos-latest f64	Run cargo test --locked -p rapier-cloth --no-default-features --features f64	2026-09-12T23:56:18.3432060Z test result: ok. 0 passed; 0 failed; 0 ignored; 0 measured; 0 filtered out; finished in 0.00s
Rust macos-latest f64	Run cargo test --locked -p rapier-cloth --no-default-features --features f64	2026-09-12T23:56:18.3464350Z test result: ok. 4 passed; 0 failed; 0 ignored; 0 measured; 0 filtered out; finished in 0.00s
Rust macos-latest f64	Run cargo test --locked -p rapier-cloth --no-default-features --features f64	2026-09-12T23:56:18.3504360Z test result: ok. 1 passed; 0 failed; 0 ignored; 0 measured; 0 filtered out; finished in 0.00s
Rust macos-latest f64	Run cargo test --locked -p rapier-cloth --no-default-features --features f64	2026-09-12T23:56:18.3548240Z test result: ok. 3 passed; 0 failed; 0 ignored; 0 measured; 0 filtered out; finished in 0.00s
Rust macos-latest f64	Run cargo test --locked -p rapier-cloth --no-default-features --features f64	2026-09-12T23:56:18.3591770Z test result: ok. 4 passed; 0 failed; 0 ignored; 0 measured; 0 filtered out; finished in 0.00s
Rust macos-latest f64	Run cargo test --locked -p rapier-cloth --no-default-features --features f64	2026-09-12T23:56:20.2904510Z test result: ok. 1 passed; 0 failed; 0 ignored; 0 measured; 0 filtered out; finished in 1.93s
Rust macos-latest f64	Run cargo test --locked -p rapier-cloth --no-default-features --features f64	2026-09-12T23:56:20.2943740Z test result: ok. 4 passed; 0 failed; 0 ignored; 0 measured; 0 filtered out; finished in 0.00s
Rust macos-latest f64	Run cargo test --locked -p rapier-cloth --no-default-features --features f64	2026-09-12T23:56:20.2972030Z test result: ok. 2 passed; 0 failed; 0 ignored; 0 measured; 0 filtered out; finished in 0.00s
Rust macos-latest f64	Run cargo test --locked -p rapier-cloth --no-default-features --features f64	2026-09-12T23:56:20.3810590Z test result: ok. 5 passed; 0 failed; 0 ignored; 0 measured; 0 filtered out; finished in 0.08s
Rust macos-latest f64	Run cargo test --locked -p rapier-cloth --no-default-features --features f64	2026-09-12T23:56:20.3844890Z test result: ok. 1 passed; 0 failed; 0 ignored; 0 measured; 0 filtered out; finished in 0.00s
Rust macos-latest f64	Run cargo test --locked -p rapier-cloth --no-default-features --features f64	2026-09-12T23:56:20.3874950Z test result: ok. 2 passed; 0 failed; 0 ignored; 0 measured; 0 filtered out; finished in 0.00s
Rust macos-latest f64	Run cargo test --locked -p rapier-cloth --no-default-features --features f64	2026-09-12T23:56:20.7003540Z test result: ok. 1 passed; 0 failed; 0 ignored; 0 measured; 0 filtered out; finished in 0.01s
Rust macos-latest f64	Run cargo test --locked --manifest-path tests/consumers/f64/Cargo.toml	2026-09-12T23:56:37.8498380Z test result: ok. 1 passed; 0 failed; 0 ignored; 0 measured; 0 filtered out; finished in 0.00s
