   Compiling rapier-cloth-core v0.1.0 (/home/nekanat/projects/rapier-cloth/crates/rapier-cloth-core)
    Finished `test` profile [optimized + debuginfo] target(s) in 1.72s
     Running unittests src/lib.rs (target/debug/deps/rapier_cloth_core-8816edb20eeb4d87)

running 0 tests

test result: ok. 0 passed; 0 failed; 0 ignored; 0 measured; 0 filtered out; finished in 0.00s

     Running tests/bend_gradient.rs (target/debug/deps/bend_gradient-87f5525bd17176cb)

running 1 test
test analytic_gradient_matches_finite_difference_and_rigid_motion ... ok

test result: ok. 1 passed; 0 failed; 0 ignored; 0 measured; 0 filtered out; finished in 0.00s

     Running tests/hanging_cloth.rs (target/debug/deps/hanging_cloth-b1205fa098930416)

running 3 tests
iteration sweep: grid=16, h=1/240, iterations=4, p95=0.0015110440466561403, max=0.00697484961983208
grid=16, h=1/240, iterations=8, p95=0.0008348236269901665, max=0.00101287476052625
iteration sweep: grid=16, h=1/240, iterations=8, p95=0.0008348236269901665, max=0.00101287476052625
grid=16, h=1/480, iterations=8, p95=0.00015461631678004295, max=0.000172315728972805
iteration sweep: grid=16, h=1/240, iterations=16, p95=0.00037030359112488753, max=0.00042110007749074363
test iteration_sweep_records_error_for_same_initial_condition ... ok
grid=32, h=1/240, iterations=8, p95=0.011535628471272652, max=0.01779611650269164
grid=32, h=1/480, iterations=8, p95=0.00222384524753938, max=0.021725153747342185
grid=64, h=1/240, iterations=8, p95=0.017376519848910865, max=0.09116014312721532
grid=64, h=1/480, iterations=8, p95=0.010583450884035228, max=0.03384996798063411
test resolution_and_timestep_sweep_records_error ... ok
hanging cloth: worst final-1000 p95 stretch=0.01647869953082659
test horizontal_cloth_drapes_for_ten_thousand_substeps ... ok

test result: ok. 3 passed; 0 failed; 0 ignored; 0 measured; 0 filtered out; finished in 48.22s

     Running tests/mesh_contract.rs (target/debug/deps/mesh_contract-de7094ad6c0f1ed4)

running 2 tests
test invalid_topology_is_rejected_without_repair ... ok
test grid_counts_area_and_order ... ok

test result: ok. 2 passed; 0 failed; 0 ignored; 0 measured; 0 filtered out; finished in 0.02s

     Running tests/solver_reference.rs (target/debug/deps/solver_reference-318e439ed65d38b3)

running 7 tests
test distance_constraint_has_expected_compliant_solution ... ok
test failed_substep_is_atomic ... ok
test pins_preserve_mass_and_release_velocity ... ok
test handles_are_scoped_and_generational ... ok
test material_and_state_setters_reject_invalid_input ... ok
test freefall_matches_discrete_solution_and_converges ... ok
test rigid_transform_equivariance_and_surface_normals ... ok

test result: ok. 7 passed; 0 failed; 0 ignored; 0 measured; 0 filtered out; finished in 0.01s

   Doc-tests rapier_cloth_core

running 0 tests

test result: ok. 0 passed; 0 failed; 0 ignored; 0 measured; 0 filtered out; finished in 0.00s

